
> mycelium@0.0.0 watch
> tsx apps/leash-watch/src/main.ts

🍄 Leash — screen watcher

👁  Privacy: captures are summarized on-device and the frame PNG is deleted immediately.
    Cadence 60s · idle-skip 120s · trail → /Volumes/Development/qvac/mycelium/data/leash-activity.jsonl
    Controls: p/space pause · f/F forget 5/60m · q/Ctrl-C quit


⚠ tick error: Error: vision reply >60s — letting it finish in the background (tick skipped, NOT aborted)
📝 · completion  ttft=62894ms  tokens=51  dur=62895ms
📝 · completion  ttft=55144ms  tokens=28  dur=55145ms

📸 Google Chrome — Brazilian black big ass chubby slut from Rio de Janeiro on amateur interracial threesome with anal sex - XVIDEOS.COM – Audio playing - Google Chrome (Incognito): A split-screen view shows a LEASH WORK tasks page on the left and a video playing on the XVIDEOS website on the right.

⚠ tick error: Error: vision reply >60s — letting it finish in the background (tick skipped, NOT aborted)
📝 · completion  ttft=87672ms  tokens=45  dur=87674ms

⚠ tick error: Error: vision reply >60s — letting it finish in the background (tick skipped, NOT aborted)

⚠ tick error: Error: vision endpoint returned 500
📝 · completion  ttft=42736ms  tokens=31  dur=42738ms

📸 Google Chrome — Leash — your private on-device assistant - Google Chrome – Daniel (alt): The Leash dashboard shows the app's tasks and the terminal on the right, with the last task being "What shipped tonight" in the terminal.
📝 · completion  ttft=49972ms  tokens=49  dur=49973ms

📸 Google Chrome — Meet - Gyan and Asaboro daniel modupe – Camera and microphone recording - Google Chrome – daniel (main): A Google Meet video call is in progress with the participant "daniel asaboro" on a screen that is overlaid with a video call interface, while the desktop background is a scenic image of a character from the animated movie Moana.

⚠ tick error: Error: vision reply >60s — letting it finish in the background (tick skipped, NOT aborted)
📝 · completion  ttft=62327ms  tokens=41  dur=62328ms

⚠ tick error: Error: vision endpoint returned 500

⚠ tick error: Error: vision reply >60s — letting it finish in the background (tick skipped, NOT aborted)
📝 · completion  ttft=63630ms  tokens=33  dur=63632ms

⚠ tick error: Error: vision reply >60s — letting it finish in the background (tick skipped, NOT aborted)
📝 · completion  ttft=57745ms  tokens=30  dur=57747ms

📸 Google Chrome — useleash.xyz – Network error - Google Chrome – daniel (main): A screenshot showing a WhatsApp chat with a Calendly link, and a browser window displaying an error page for a site that cannot be reached.
📝 · completion  ttft=57219ms  tokens=45  dur=57219ms

📸 Google Chrome — Home / X - High memory usage - 815 MB - Google Chrome – daniel (main): A split-screen view shows the Chrome browser on a Mac desktop, displaying the X (formerly Twitter) website in the right window, and the WhatsApp chat application in the left window, with a stormy landscape in the background.
📝 · completion  ttft=50277ms  tokens=46  dur=50277ms

📸 Google Chrome — John⛵️🥥 on X: "Everyone commenting on this is confused about large predator behavior. Bears dont have to just win the fight, they have to win EVERY fight with no major injuries for their entire lives. A dog-sized snack is not worth the risk of losing his eye. The dog is not competing with him" / X - High memory usage - 815 MB - Google Chrome – daniel (main): A screenshot shows a multi-tasking view on a Mac, with the Chrome browser open to a Twitter post and a WhatsApp chat window for "Gyan | Zerion" that includes a link to a Calendly meeting.
📝 · completion  ttft=50494ms  tokens=31  dur=50496ms

📸 Google Chrome — Leash — your private on-device assistant - Google Chrome – Daniel (alt): The Leash Brain app is showing a skills management interface with a new skill form and an active terminal on the right, where a task is being executed.
📝 · completion  ttft=53858ms  tokens=35  dur=53858ms

📸 Finder — Library: A Mac screen showing a Leash dashboard with a terminal running a Bash script, and a Finder window open to a directory called StartupItems, which is not the main directory.
📝 · completion  ttft=41783ms  tokens=36  dur=41783ms

📸 Google Chrome — Leash — your private on-device assistant - Google Chrome – Daniel (alt): The image shows the Leash AI dashboard, a tool for managing AI skills and workflows, with the user actively creating and editing a skill share in the Chrome browser's developer tools.

⚠ tick error: Error: vision endpoint returned 500

⚠ tick error: Error: vision endpoint returned 500
📝 · completion  ttft=39312ms  tokens=33  dur=39312ms

📸 Google Chrome — pewdiepie-archdaemon/odysseus: Self-hosted AI workspace. - Google Chrome – Daniel (alt): The screen shows the Odysseus app's "leash-dashboard-mvp" task being monitored in the terminal, which is actively running in the background.

⚠ tick error: Error: vision endpoint returned 500

⚠ tick error: Error: vision endpoint returned 500
📝 · completion  ttft=40799ms  tokens=47  dur=40799ms

📸 Google Chrome — Pewdiepie just droped is own agent call Odysseus. : r/LocalLLM - Google Chrome – Daniel (alt): A screenshot of a dual-monitor setup showing the Reddit website in a browser on the left and a QVAC development environment with the "leash-dashboard-mvp" file open in the right, likely running a local AI project.

⚠ tick error: Error: vision endpoint returned 500

⚠ tick error: Error: vision endpoint returned 500
📝 · completion  ttft=50254ms  tokens=38  dur=50255ms

📸 Mail — Searching – All Mailboxes, 2 results: The screen shows a mail application with a Jumia order confirmation, and a DoraHacks website page for PrivateDAO, both open in parallel on a Mac with multiple tabs.
📝 · completion  ttft=41418ms  tokens=34  dur=41419ms

📸 Google Chrome — Configuration | QVAC - Google Chrome – Daniel (alt): A user is working on the QVAC configuration page in the QVAC app, using a terminal to run a command in the leash-dashboard-mvp project.
📝 · completion  ttft=43725ms  tokens=33  dur=43725ms

📸 Code — ⠂ leash-dashboard-mvp — qvac: The screen shows a QVAC configuration page on the left and a terminal on the right with the task of running the `leash-dashboard-mvp` command.

⚠ tick error: Error: vision endpoint returned 500
📝 · completion  ttft=43496ms  tokens=41  dur=43497ms

📸 Google Chrome — Odysseus Megathread. Information and conversation. : r/pewdiepie - Google Chrome – Daniel (alt): A user is browsing Reddit and writing code in a local development environment, using tools like `curl`, `python`, and `nodejs` to test and develop a Python application for a web service.

⚠ tick error: Error: vision endpoint returned 500

⚠ tick error: Error: vision endpoint returned 500

⚠ tick error: Error: vision endpoint returned 500

⚠ tick error: Error: vision endpoint returned 500

⚠ tick error: Error: vision endpoint returned 500

⚠ tick error: Error: vision endpoint returned 500

⚠ tick error: Error: vision endpoint returned 500

⚠ tick error: Error: vision endpoint returned 500

⚠ tick error: Error: vision endpoint returned 500

⚠ tick error: Error: vision endpoint returned 500

⚠ tick error: Error: vision endpoint returned 500

⚠ tick error: Error: vision endpoint returned 500

⚠ tick error: Error: vision endpoint returned 500

⚠ tick error: Error: vision endpoint returned 500

⚠ tick error: Error: vision endpoint returned 500

⚠ tick error: Error: vision endpoint returned 500

⚠ tick error: Error: vision endpoint returned 500

⚠ tick error: Error: vision endpoint returned 500

⚠ tick error: Error: vision endpoint returned 500

⚠ tick error: Error: vision endpoint returned 500

⚠ tick error: Error: vision endpoint returned 500

⚠ tick error: Error: vision endpoint returned 500

⚠ tick error: Error: vision endpoint returned 500

⚠ tick error: Error: vision endpoint returned 500

⚠ tick error: Error: vision endpoint returned 500

⚠ tick error: Error: vision endpoint returned 500

⚠ tick error: Error: vision endpoint returned 500

⚠ tick error: Error: vision endpoint returned 500

⚠ tick error: Error: vision endpoint returned 500

⚠ tick error: Error: vision endpoint returned 500

⚠ tick error: Error: vision endpoint returned 500

⚠ tick error: Error: vision endpoint returned 500

⚠ tick error: Error: vision endpoint returned 500

⚠ tick error: Error: vision endpoint returned 500

⚠ tick error: Error: vision endpoint returned 500

⚠ tick error: Error: vision endpoint returned 500

⚠ tick error: Error: vision endpoint returned 500

⚠ tick error: Error: vision endpoint returned 500

⚠ tick error: Error: vision endpoint returned 500

⚠ tick error: Error: vision endpoint returned 500

⚠ tick error: Error: vision endpoint returned 500

⚠ tick error: Error: vision endpoint returned 500

⚠ tick error: Error: vision endpoint returned 500

⚠ tick error: Error: vision endpoint returned 500

⚠ tick error: Error: vision endpoint returned 500

⚠ tick error: Error: vision endpoint returned 500

⚠ tick error: Error: vision endpoint returned 500

⚠ tick error: Error: vision endpoint returned 500

⚠ tick error: Error: vision endpoint returned 500

⚠ tick error: Error: vision endpoint returned 500

⚠ tick error: Error: vision endpoint returned 500

⚠ tick error: Error: vision endpoint returned 500

⚠ tick error: Error: vision endpoint returned 500

⚠ tick error: Error: vision endpoint returned 500

⚠ tick error: Error: vision endpoint returned 500

⚠ tick error: Error: vision endpoint returned 500

⚠ tick error: Error: vision endpoint returned 500

⚠ tick error: Error: vision endpoint returned 500

⚠ tick error: Error: vision endpoint returned 500

⚠ tick error: Error: vision endpoint returned 500

⚠ tick error: Error: vision endpoint returned 500

⚠ tick error: Error: vision endpoint returned 500

⚠ tick error: Error: vision endpoint returned 500

⚠ tick error: Error: vision endpoint returned 500

⚠ tick error: Error: vision endpoint returned 500

⚠ tick error: Error: vision endpoint returned 500

⚠ tick error: Error: vision endpoint returned 500

⚠ tick error: Error: vision endpoint returned 500

⚠ tick error: Error: vision endpoint returned 500

⚠ tick error: Error: vision endpoint returned 500

⚠ tick error: Error: vision endpoint returned 500

⚠ tick error: Error: vision endpoint returned 500

⚠ tick error: Error: vision endpoint returned 500

⚠ tick error: Error: vision endpoint returned 500

⚠ tick error: Error: vision endpoint returned 500

⚠ tick error: Error: vision endpoint returned 500

⚠ tick error: Error: vision endpoint returned 500

⚠ tick error: Error: vision endpoint returned 500

⚠ tick error: Error: vision endpoint returned 500

⚠ tick error: Error: vision endpoint returned 500

⚠ tick error: Error: vision endpoint returned 500

⚠ tick error: Error: vision endpoint returned 500

⚠ tick error: Error: vision endpoint returned 500

⚠ tick error: Error: vision endpoint returned 500

⚠ tick error: Error: vision endpoint returned 500

⚠ tick error: Error: vision endpoint returned 500

⚠ tick error: Error: vision endpoint returned 500

⚠ tick error: Error: vision endpoint returned 500

⚠ tick error: Error: vision endpoint returned 500

⚠ tick error: Error: vision endpoint returned 500

⚠ tick error: Error: vision endpoint returned 500

⚠ tick error: Error: vision endpoint returned 500

⚠ tick error: Error: vision endpoint returned 500

⚠ tick error: Error: vision endpoint returned 500

⚠ tick error: Error: vision endpoint returned 500

⚠ tick error: Error: vision endpoint returned 500

⚠ tick error: Error: vision endpoint returned 500

⚠ tick error: Error: vision endpoint returned 500

⚠ tick error: Error: vision endpoint returned 500

⏹  stopping screen watcher…
✅ leash-watch stopped.
